bf          tested OK
mp          tested OK
kmp         tested OK
bm          tested OK
hor         tested OK
gs          tested OK
ag          tested OK
kr          tested OK
zt          tested OK
ac          tested OK
tw          tested OK
om          tested OK
ms          tested OK
qs          tested OK
nsn         tested OK
tbm         tested OK
colussi     tested OK
smith       tested OK
gg          tested OK
raita       tested OK
smoa        tested OK
rcolussi    tested OK
skip        tested OK
kmpskip     tested OK
askip       tested OK
br          tested OK
akc         tested OK
fs          tested OK
ffs         tested OK
bfs         tested OK
ts          tested OK
ssabs       tested OK
tvsbs       tested OK
pbmh        tested OK
fjs         tested OK
hash3       tested OK
hash5       tested OK
hash8       tested OK
tsw         tested OK
graspm	ERROR: test failed on case n.0
	bin/graspm aaaaaaaaaa 10 aaaaaaaaaa 10 	found 0 occ instead of 1

ssef        tested OK
aut         tested OK
rf          tested OK
trf         tested OK
simon	ERROR: test failed on case n.13
	bin/simon \002\377V\377\377\377\377e_S7D\021\017\377+\377\377\377\377\377R\377\377P\011\377\035\377&\377r 32 \377\005\377\377\003\377Ut\377\377y\377I&N\004\025?U\377Xz\377\377\377\377\377\007S\377%6\002\377V\377\377\377\377e_S7D\021\017\377+\377\377\377\377\377R\377\377P\011\377\035\377&\377r 64 	found 0 occ instead of 1

fdm         tested OK
bom         tested OK
bom2        tested OK
dfdm        tested OK
ww          tested OK
ldm	ERROR: test failed on case n.1
	bin/ldm aa 2 aaaaaaaaaa 10 	found 10 occ instead of 9

ildm1       tested OK
ildm2       tested OK
ebom        tested OK
fbom        tested OK
sebom       tested OK
sfbom       tested OK
skip2       tested OK
skip3       tested OK
skip4       tested OK
skip5       tested OK
skip6       tested OK
skip7       tested OK
skip8       tested OK
so          tested OK
sa          tested OK
bndm        tested OK
bndml       tested OK
sbndm       tested OK
tndm        tested OK
tndma       tested OK
lbndm       tested OK
svm0        tested OK
svm1        tested OK
svm2        tested OK
svm3        tested OK
svm4        tested OK
sbndm2      tested OK
sbndm-bmh   tested OK
bmh-sbndm	ERROR: test failed on case n.15
	bin/bmh-sbndm aaaaaaaaaaaaaaaaaaaaaaaaaaaaaaaa 32 aaaaaaaaaaaaaaaaaaaaaaaaaaaaaaaaaaaaaaaaaaaaaaaaaaaaaaaaaaaaaaaa 64 	found 3 occ instead of 33

fndm        tested OK
bww         tested OK
faoso2      tested OK
faoso4	ERROR: test failed on case n.3
	bin/faoso4 2O\377\377\002\377]\005\025\377{Md\377x\377{\3770\377\377\377R\035\377x4\377zc^\377 32 \377^|F\377Lw\004\377%\377\377\377\377\0422O\377\377\002\377]\005\025\377{Md\377x\377{\3770\377\377\377R\035\377x4\377zc^\377 64 	found 0 occ instead of 1

faoso6	ERROR: test failed on case n.3
	bin/faoso6 aaaaaaaaaaaaaaaaaaaaaaaaaaaaaaaa 32 aaaaaaaaaaaaaaaaaaaaaaaaaaaaaaaaaaaaaaaaaaaaaaaaaaaaaaaaaaaaaaaa 64 	found 27 occ instead of 33

aoso2       tested OK
aoso4       tested OK
aoso6       tested OK
blim	ERROR: test failed on case n.3
	bin/blim b 1 aaaaaaaaaa 10 	found 9 occ instead of 0

fsbndm      tested OK
bndmq2      tested OK
bndmq4      tested OK
bndmq6      tested OK
sbndmq2     tested OK
sbndmq4     tested OK
sbndmq6     tested OK
sbndmq8     tested OK
ufndmq2     tested OK
ufndmq4     tested OK
ufndmq6     tested OK
ufndmq8     tested OK
sabp        tested OK
dbww        tested OK
dbww2       tested OK
ksa         tested OK
kbndm       tested OK
bsdm        tested OK
bsdm2       tested OK
bsdm3       tested OK
bsdm4       tested OK
bsdm5       tested OK
bsdm6       tested OK
bsdm7       tested OK
bsdm8       tested OK
bxs         tested OK
bxs1        tested OK
bxs2        tested OK
bxs3        tested OK
bxs4        tested OK
bxs6        tested OK
bxs8        tested OK
fs-w1       tested OK
fs-w2	ERROR: test failed on case n.1
	bin/fs-w2 aa 2 aaaaaaaaaa 10 	found 10 occ instead of 9

fs-w4       tested OK
fs-w6       tested OK
fs-w8       tested OK
fsbndm-w1   tested OK
fsbndm-w2   tested OK
fsbndm-w4   tested OK
fsbndm-w6   tested OK
fsbndm-w8   tested OK
fsbndmq20   tested OK
fsbndmq21   tested OK
fsbndmq31   tested OK
fsbndmq32	ERROR: test failed on case n.9
	bin/fsbndmq32 bcbababababababababababababababa 32 babababababababababababababababababababababababababababababababa 64 	found 1 occ instead of 0

fsbndmq41   tested OK
fsbndmq42	ERROR: test failed on case n.7
	bin/fsbndmq42 bcbababababababababababababababa 32 babababababababababababababababababababababababababababababababa 64 	found 1 occ instead of 0

fsbndmq43	ERROR: test failed on case n.7
	bin/fsbndmq43 bcbababababababababababababababa 32 babababababababababababababababababababababababababababababababa 64 	found 1 occ instead of 0

fsbndmq61   tested OK
fsbndmq62	ERROR: test failed on case n.6
	bin/fsbndmq62 bcbababababababababababababababa 32 babababababababababababababababababababababababababababababababa 64 	found 1 occ instead of 0

fsbndmq64	ERROR: test failed on case n.6
	bin/fsbndmq64 bcbababababababababababababababa 32 babababababababababababababababababababababababababababababababa 64 	found 1 occ instead of 0

fsbndmq81   tested OK
fsbndmq82	ERROR: test failed on case n.5
	bin/fsbndmq82 bcbababababababababababababababa 32 babababababababababababababababababababababababababababababababa 64 	found 1 occ instead of 0

fsbndmq84	ERROR: test failed on case n.5
	bin/fsbndmq84 bcbababababababababababababababa 32 babababababababababababababababababababababababababababababababa 64 	found 1 occ instead of 0

fsbndmq86	ERROR: test failed on case n.5
	bin/fsbndmq86 bcbababababababababababababababa 32 babababababababababababababababababababababababababababababababa 64 	found 1 occ instead of 0

iom         tested OK
jom         tested OK
lwfr2       tested OK
lwfr3       tested OK
lwfr4       tested OK
lwfr5       tested OK
lwfr6       tested OK
lwfr7       tested OK
lwfr8       tested OK
qf23        tested OK
qf24        tested OK
qf26        tested OK
qf28        tested OK
qf33        tested OK
qf34        tested OK
qf36        tested OK
qf42        tested OK
qf43        tested OK
qf44        tested OK
qf53        tested OK
qf62        tested OK
qf63        tested OK
qf72        tested OK
qf82        tested OK
qlqs        tested OK
sbndm-w2	ERROR: test failed on case n.1
	bin/sbndm-w2 aba 3 bababababa 10 	found 2 occ instead of 4

sbndm-w4	ERROR: test failed on case n.0
	bin/sbndm-w4 aaaaaaaaaa 10 aaaaaaaaaa 10 	found 0 occ instead of 1

sbndm-w6    tested OK
ssm         tested OK
tsa         tested OK
tsa-q2	ERROR: test failed on case n.0
	bin/tsa-q2 aaaaaaaaaa 10 aaaaaaaaaa 10 	found 0 occ instead of 1

tso5        tested OK
tunedbm     tested OK
tvsbs-w2    tested OK
tvsbs-w4	ERROR: test failed on case n.9
	bin/tvsbs-w4 aaaaaaaaaaaaaaaaaaaaaaaaaaaaaaaa 32 aaaaaaaaaaaaaaaaaaaaaaaaaaaaaaaaaaaaaaaaaaaaaaaaaaaaaaaaaaaaaaaa 64 	found 32 occ instead of 33

tvsbs-w6    tested OK
tvsbs-w8	ERROR: test failed on case n.9
	bin/tvsbs-w8 aaaaaaaaaaaaaaaaaaaaaaaaaaaaaaaa 32 aaaaaaaaaaaaaaaaaaaaaaaaaaaaaaaaaaaaaaaaaaaaaaaaaaaaaaaaaaaaaaaa 64 	found 32 occ instead of 33

twfr2       tested OK
twfr3       tested OK
twfr4       tested OK
twfr5       tested OK
twfr6       tested OK
twfr7       tested OK
twfr8       tested OK
twfrq2      tested OK
twfrq3      tested OK
twfrq4      tested OK
twfrq5      tested OK
twfrq6      tested OK
twfrq7      tested OK
twfrq8      tested OK
twfr        tested OK
wc          tested OK
wfr         tested OK
wfr2        tested OK
wfr3        tested OK
wfr4        tested OK
wfr5        tested OK
wfr6        tested OK
wfr7        tested OK
wfr8        tested OK
wfrq2       tested OK
wfrq3       tested OK
wfrq4       tested OK
wfrq5       tested OK
wfrq6       tested OK
wfrq7       tested OK
wfrq8       tested OK
wom         tested OK
doublehash  tested OK
bram3       tested OK
bram5       tested OK
bram7       tested OK
ft3         tested OK
ssecp	ERROR: test failed on case n.16
	bin/ssecp babababababababababababababababa 32 babababababababababababababababababababababababababababababababa 64 	found 18 occ instead of 17

epsm        tested OK
libc        tested OK
libc1       tested OK
musl        tested OK
musl1       tested OK
simdkr	ERROR: test failed on case n.14
	bin/simdkr aba 3 bababababa 10 	found 29 occ instead of 4

